<?xml version="1.0" encoding="UTF-8"?>
<testsuites>
  <testsuite name="/home/bartosz/dev/salon/twig-anonymize/phpunit.xml" tests="57" assertions="82" errors="0" failures="0" skipped="0" time="0.015441">
    <testsuite name="Unit" tests="57" assertions="82" errors="0" failures="0" skipped="0" time="0.015441">
      <testsuite name="Praetorian\Twig\Extension\Tests\AnonymizeExtensionTest" file="/home/bartosz/dev/salon/twig-anonymize/tests/AnonymizeExtensionTest.php" tests="57" assertions="82" errors="0" failures="0" skipped="0" time="0.015441">
        <testcase name="testGetFilters" file="/home/bartosz/dev/salon/twig-anonymize/tests/AnonymizeExtensionTest.php" line="19" class="Praetorian\Twig\Extension\Tests\AnonymizeExtensionTest" classname="Praetorian.Twig.Extension.Tests.AnonymizeExtensionTest" assertions="6" time="0.002089"/>
        <testcase name="testAnonymizeWithEmptyString" file="/home/bartosz/dev/salon/twig-anonymize/tests/AnonymizeExtensionTest.php" line="34" class="Praetorian\Twig\Extension\Tests\AnonymizeExtensionTest" classname="Praetorian.Twig.Extension.Tests.AnonymizeExtensionTest" assertions="1" time="0.000248"/>
        <testcase name="testAnonymizeWithSingleCharacter" file="/home/bartosz/dev/salon/twig-anonymize/tests/AnonymizeExtensionTest.php" line="41" class="Praetorian\Twig\Extension\Tests\AnonymizeExtensionTest" classname="Praetorian.Twig.Extension.Tests.AnonymizeExtensionTest" assertions="1" time="0.000218"/>
        <testcase name="testAnonymizeWithTwoCharacters" file="/home/bartosz/dev/salon/twig-anonymize/tests/AnonymizeExtensionTest.php" line="47" class="Praetorian\Twig\Extension\Tests\AnonymizeExtensionTest" classname="Praetorian.Twig.Extension.Tests.AnonymizeExtensionTest" assertions="1" time="0.000206"/>
        <testcase name="testAnonymizeWithSingleCharacterKeepLengthFalse" file="/home/bartosz/dev/salon/twig-anonymize/tests/AnonymizeExtensionTest.php" line="53" class="Praetorian\Twig\Extension\Tests\AnonymizeExtensionTest" classname="Praetorian.Twig.Extension.Tests.AnonymizeExtensionTest" assertions="1" time="0.000217"/>
        <testcase name="testAnonymizeWithTwoCharactersKeepLengthFalse" file="/home/bartosz/dev/salon/twig-anonymize/tests/AnonymizeExtensionTest.php" line="59" class="Praetorian\Twig\Extension\Tests\AnonymizeExtensionTest" classname="Praetorian.Twig.Extension.Tests.AnonymizeExtensionTest" assertions="1" time="0.000217"/>
        <testcase name="testAnonymizeWithThreeCharacters" file="/home/bartosz/dev/salon/twig-anonymize/tests/AnonymizeExtensionTest.php" line="66" class="Praetorian\Twig\Extension\Tests\AnonymizeExtensionTest" classname="Praetorian.Twig.Extension.Tests.AnonymizeExtensionTest" assertions="1" time="0.000206"/>
        <testcase name="testAnonymizeWithThreeCharactersKeepLengthFalse" file="/home/bartosz/dev/salon/twig-anonymize/tests/AnonymizeExtensionTest.php" line="72" class="Praetorian\Twig\Extension\Tests\AnonymizeExtensionTest" classname="Praetorian.Twig.Extension.Tests.AnonymizeExtensionTest" assertions="1" time="0.000216"/>
        <testcase name="testAnonymizeWithFourCharacters" file="/home/bartosz/dev/salon/twig-anonymize/tests/AnonymizeExtensionTest.php" line="79" class="Praetorian\Twig\Extension\Tests\AnonymizeExtensionTest" classname="Praetorian.Twig.Extension.Tests.AnonymizeExtensionTest" assertions="1" time="0.000201"/>
        <testcase name="testAnonymizeWithFourCharactersKeepLengthFalse" file="/home/bartosz/dev/salon/twig-anonymize/tests/AnonymizeExtensionTest.php" line="85" class="Praetorian\Twig\Extension\Tests\AnonymizeExtensionTest" classname="Praetorian.Twig.Extension.Tests.AnonymizeExtensionTest" assertions="1" time="0.000221"/>
        <testcase name="testAnonymizeWithLongString" file="/home/bartosz/dev/salon/twig-anonymize/tests/AnonymizeExtensionTest.php" line="91" class="Praetorian\Twig\Extension\Tests\AnonymizeExtensionTest" classname="Praetorian.Twig.Extension.Tests.AnonymizeExtensionTest" assertions="1" time="0.000198"/>
        <testcase name="testAnonymizeWithLongStringKeepLengthFalse" file="/home/bartosz/dev/salon/twig-anonymize/tests/AnonymizeExtensionTest.php" line="97" class="Praetorian\Twig\Extension\Tests\AnonymizeExtensionTest" classname="Praetorian.Twig.Extension.Tests.AnonymizeExtensionTest" assertions="1" time="0.000213"/>
        <testcase name="testAnonymizeWithKeepLengthTrue" file="/home/bartosz/dev/salon/twig-anonymize/tests/AnonymizeExtensionTest.php" line="103" class="Praetorian\Twig\Extension\Tests\AnonymizeExtensionTest" classname="Praetorian.Twig.Extension.Tests.AnonymizeExtensionTest" assertions="2" time="0.000204"/>
        <testcase name="testAnonymizeWithKeepLengthFalse" file="/home/bartosz/dev/salon/twig-anonymize/tests/AnonymizeExtensionTest.php" line="111" class="Praetorian\Twig\Extension\Tests\AnonymizeExtensionTest" classname="Praetorian.Twig.Extension.Tests.AnonymizeExtensionTest" assertions="3" time="0.000510"/>
        <testcase name="testAnonymizeWithCustomReplacementChar" file="/home/bartosz/dev/salon/twig-anonymize/tests/AnonymizeExtensionTest.php" line="120" class="Praetorian\Twig\Extension\Tests\AnonymizeExtensionTest" classname="Praetorian.Twig.Extension.Tests.AnonymizeExtensionTest" assertions="1" time="0.000252"/>
        <testcase name="testAnonymizeParameterTypo" file="/home/bartosz/dev/salon/twig-anonymize/tests/AnonymizeExtensionTest.php" line="126" class="Praetorian\Twig\Extension\Tests\AnonymizeExtensionTest" classname="Praetorian.Twig.Extension.Tests.AnonymizeExtensionTest" assertions="1" time="0.000209"/>
        <testcase name="testAnonymizeWithUnicodeString" file="/home/bartosz/dev/salon/twig-anonymize/tests/AnonymizeExtensionTest.php" line="134" class="Praetorian\Twig\Extension\Tests\AnonymizeExtensionTest" classname="Praetorian.Twig.Extension.Tests.AnonymizeExtensionTest" assertions="1" time="0.000205"/>
        <testcase name="testAnonymizeWithUnicodeReplacementChar" file="/home/bartosz/dev/salon/twig-anonymize/tests/AnonymizeExtensionTest.php" line="140" class="Praetorian\Twig\Extension\Tests\AnonymizeExtensionTest" classname="Praetorian.Twig.Extension.Tests.AnonymizeExtensionTest" assertions="1" time="0.000212"/>
        <testcase name="testAnonymizeWithEmojis" file="/home/bartosz/dev/salon/twig-anonymize/tests/AnonymizeExtensionTest.php" line="146" class="Praetorian\Twig\Extension\Tests\AnonymizeExtensionTest" classname="Praetorian.Twig.Extension.Tests.AnonymizeExtensionTest" assertions="1" time="0.000199"/>
        <testcase name="testAnonymizeWithUnicodeSingleChar" file="/home/bartosz/dev/salon/twig-anonymize/tests/AnonymizeExtensionTest.php" line="152" class="Praetorian\Twig\Extension\Tests\AnonymizeExtensionTest" classname="Praetorian.Twig.Extension.Tests.AnonymizeExtensionTest" assertions="1" time="0.000210"/>
        <testcase name="testAnonymizeWithUnicodeTwoChars" file="/home/bartosz/dev/salon/twig-anonymize/tests/AnonymizeExtensionTest.php" line="158" class="Praetorian\Twig\Extension\Tests\AnonymizeExtensionTest" classname="Praetorian.Twig.Extension.Tests.AnonymizeExtensionTest" assertions="1" time="0.000201"/>
        <testcase name="testAnonymizeWithUnicodeThreeChars" file="/home/bartosz/dev/salon/twig-anonymize/tests/AnonymizeExtensionTest.php" line="164" class="Praetorian\Twig\Extension\Tests\AnonymizeExtensionTest" classname="Praetorian.Twig.Extension.Tests.AnonymizeExtensionTest" assertions="1" time="0.000204"/>
        <testcase name="testAnonymizeWithSpecialCharacters" file="/home/bartosz/dev/salon/twig-anonymize/tests/AnonymizeExtensionTest.php" line="170" class="Praetorian\Twig\Extension\Tests\AnonymizeExtensionTest" classname="Praetorian.Twig.Extension.Tests.AnonymizeExtensionTest" assertions="1" time="0.000206"/>
        <testcase name="testAnonymizeThrowsExceptionForEmptyReplacementChar" file="/home/bartosz/dev/salon/twig-anonymize/tests/AnonymizeExtensionTest.php" line="177" class="Praetorian\Twig\Extension\Tests\AnonymizeExtensionTest" classname="Praetorian.Twig.Extension.Tests.AnonymizeExtensionTest" assertions="2" time="0.000419"/>
        <testcase name="testAnonymizeThrowsExceptionForMultiCharacterReplacement" file="/home/bartosz/dev/salon/twig-anonymize/tests/AnonymizeExtensionTest.php" line="185" class="Praetorian\Twig\Extension\Tests\AnonymizeExtensionTest" classname="Praetorian.Twig.Extension.Tests.AnonymizeExtensionTest" assertions="2" time="0.000239"/>
        <testcase name="testAnonymizeThrowsExceptionForMultiByteReplacementChar" file="/home/bartosz/dev/salon/twig-anonymize/tests/AnonymizeExtensionTest.php" line="193" class="Praetorian\Twig\Extension\Tests\AnonymizeExtensionTest" classname="Praetorian.Twig.Extension.Tests.AnonymizeExtensionTest" assertions="2" time="0.000237"/>
        <testcase name="testAnonymizeThrowsExceptionForUnicodeMultiChar" file="/home/bartosz/dev/salon/twig-anonymize/tests/AnonymizeExtensionTest.php" line="201" class="Praetorian\Twig\Extension\Tests\AnonymizeExtensionTest" classname="Praetorian.Twig.Extension.Tests.AnonymizeExtensionTest" assertions="2" time="0.000256"/>
        <testsuite name="Praetorian\Twig\Extension\Tests\AnonymizeExtensionTest::testAnonymizeWithDataProvider" tests="28" assertions="28" errors="0" failures="0" skipped="0" time="0.006784">
          <testcase name="testAnonymizeWithDataProvider with data set &quot;Empty string&quot;" file="/home/bartosz/dev/salon/twig-anonymize/tests/AnonymizeExtensionTest.php" line="212" class="Praetorian\Twig\Extension\Tests\AnonymizeExtensionTest" classname="Praetorian.Twig.Extension.Tests.AnonymizeExtensionTest" assertions="1" time="0.000267"/>
          <testcase name="testAnonymizeWithDataProvider with data set &quot;Single char with keep length&quot;" file="/home/bartosz/dev/salon/twig-anonymize/tests/AnonymizeExtensionTest.php" line="212" class="Praetorian\Twig\Extension\Tests\AnonymizeExtensionTest" classname="Praetorian.Twig.Extension.Tests.AnonymizeExtensionTest" assertions="1" time="0.000253"/>
          <testcase name="testAnonymizeWithDataProvider with data set &quot;Single char without keep length&quot;" file="/home/bartosz/dev/salon/twig-anonymize/tests/AnonymizeExtensionTest.php" line="212" class="Praetorian\Twig\Extension\Tests\AnonymizeExtensionTest" classname="Praetorian.Twig.Extension.Tests.AnonymizeExtensionTest" assertions="1" time="0.000247"/>
          <testcase name="testAnonymizeWithDataProvider with data set &quot;Two chars with keep length&quot;" file="/home/bartosz/dev/salon/twig-anonymize/tests/AnonymizeExtensionTest.php" line="212" class="Praetorian\Twig\Extension\Tests\AnonymizeExtensionTest" classname="Praetorian.Twig.Extension.Tests.AnonymizeExtensionTest" assertions="1" time="0.000247"/>
          <testcase name="testAnonymizeWithDataProvider with data set &quot;Two chars without keep length&quot;" file="/home/bartosz/dev/salon/twig-anonymize/tests/AnonymizeExtensionTest.php" line="212" class="Praetorian\Twig\Extension\Tests\AnonymizeExtensionTest" classname="Praetorian.Twig.Extension.Tests.AnonymizeExtensionTest" assertions="1" time="0.000246"/>
          <testcase name="testAnonymizeWithDataProvider with data set &quot;Three chars with keep length&quot;" file="/home/bartosz/dev/salon/twig-anonymize/tests/AnonymizeExtensionTest.php" line="212" class="Praetorian\Twig\Extension\Tests\AnonymizeExtensionTest" classname="Praetorian.Twig.Extension.Tests.AnonymizeExtensionTest" assertions="1" time="0.000242"/>
          <testcase name="testAnonymizeWithDataProvider with data set &quot;Three chars without keep length&quot;" file="/home/bartosz/dev/salon/twig-anonymize/tests/AnonymizeExtensionTest.php" line="212" class="Praetorian\Twig\Extension\Tests\AnonymizeExtensionTest" classname="Praetorian.Twig.Extension.Tests.AnonymizeExtensionTest" assertions="1" time="0.000241"/>
          <testcase name="testAnonymizeWithDataProvider with data set &quot;Four chars with keep length&quot;" file="/home/bartosz/dev/salon/twig-anonymize/tests/AnonymizeExtensionTest.php" line="212" class="Praetorian\Twig\Extension\Tests\AnonymizeExtensionTest" classname="Praetorian.Twig.Extension.Tests.AnonymizeExtensionTest" assertions="1" time="0.000247"/>
          <testcase name="testAnonymizeWithDataProvider with data set &quot;Four chars without keep length&quot;" file="/home/bartosz/dev/salon/twig-anonymize/tests/AnonymizeExtensionTest.php" line="212" class="Praetorian\Twig\Extension\Tests\AnonymizeExtensionTest" classname="Praetorian.Twig.Extension.Tests.AnonymizeExtensionTest" assertions="1" time="0.000246"/>
          <testcase name="testAnonymizeWithDataProvider with data set &quot;Five chars with keep length&quot;" file="/home/bartosz/dev/salon/twig-anonymize/tests/AnonymizeExtensionTest.php" line="212" class="Praetorian\Twig\Extension\Tests\AnonymizeExtensionTest" classname="Praetorian.Twig.Extension.Tests.AnonymizeExtensionTest" assertions="1" time="0.000244"/>
          <testcase name="testAnonymizeWithDataProvider with data set &quot;Five chars without keep length&quot;" file="/home/bartosz/dev/salon/twig-anonymize/tests/AnonymizeExtensionTest.php" line="212" class="Praetorian\Twig\Extension\Tests\AnonymizeExtensionTest" classname="Praetorian.Twig.Extension.Tests.AnonymizeExtensionTest" assertions="1" time="0.000245"/>
          <testcase name="testAnonymizeWithDataProvider with data set &quot;Long string with keep length&quot;" file="/home/bartosz/dev/salon/twig-anonymize/tests/AnonymizeExtensionTest.php" line="212" class="Praetorian\Twig\Extension\Tests\AnonymizeExtensionTest" classname="Praetorian.Twig.Extension.Tests.AnonymizeExtensionTest" assertions="1" time="0.000244"/>
          <testcase name="testAnonymizeWithDataProvider with data set &quot;Long string without keep length&quot;" file="/home/bartosz/dev/salon/twig-anonymize/tests/AnonymizeExtensionTest.php" line="212" class="Praetorian\Twig\Extension\Tests\AnonymizeExtensionTest" classname="Praetorian.Twig.Extension.Tests.AnonymizeExtensionTest" assertions="1" time="0.000242"/>
          <testcase name="testAnonymizeWithDataProvider with data set &quot;Custom replacement char&quot;" file="/home/bartosz/dev/salon/twig-anonymize/tests/AnonymizeExtensionTest.php" line="212" class="Praetorian\Twig\Extension\Tests\AnonymizeExtensionTest" classname="Praetorian.Twig.Extension.Tests.AnonymizeExtensionTest" assertions="1" time="0.000239"/>
          <testcase name="testAnonymizeWithDataProvider with data set &quot;Unicode single char&quot;" file="/home/bartosz/dev/salon/twig-anonymize/tests/AnonymizeExtensionTest.php" line="212" class="Praetorian\Twig\Extension\Tests\AnonymizeExtensionTest" classname="Praetorian.Twig.Extension.Tests.AnonymizeExtensionTest" assertions="1" time="0.000241"/>
          <testcase name="testAnonymizeWithDataProvider with data set &quot;Unicode two chars&quot;" file="/home/bartosz/dev/salon/twig-anonymize/tests/AnonymizeExtensionTest.php" line="212" class="Praetorian\Twig\Extension\Tests\AnonymizeExtensionTest" classname="Praetorian.Twig.Extension.Tests.AnonymizeExtensionTest" assertions="1" time="0.000241"/>
          <testcase name="testAnonymizeWithDataProvider with data set &quot;Unicode three chars&quot;" file="/home/bartosz/dev/salon/twig-anonymize/tests/AnonymizeExtensionTest.php" line="212" class="Praetorian\Twig\Extension\Tests\AnonymizeExtensionTest" classname="Praetorian.Twig.Extension.Tests.AnonymizeExtensionTest" assertions="1" time="0.000239"/>
          <testcase name="testAnonymizeWithDataProvider with data set &quot;Unicode four chars&quot;" file="/home/bartosz/dev/salon/twig-anonymize/tests/AnonymizeExtensionTest.php" line="212" class="Praetorian\Twig\Extension\Tests\AnonymizeExtensionTest" classname="Praetorian.Twig.Extension.Tests.AnonymizeExtensionTest" assertions="1" time="0.000243"/>
          <testcase name="testAnonymizeWithDataProvider with data set &quot;Unicode long string&quot;" file="/home/bartosz/dev/salon/twig-anonymize/tests/AnonymizeExtensionTest.php" line="212" class="Praetorian\Twig\Extension\Tests\AnonymizeExtensionTest" classname="Praetorian.Twig.Extension.Tests.AnonymizeExtensionTest" assertions="1" time="0.000240"/>
          <testcase name="testAnonymizeWithDataProvider with data set &quot;Numbers&quot;" file="/home/bartosz/dev/salon/twig-anonymize/tests/AnonymizeExtensionTest.php" line="212" class="Praetorian\Twig\Extension\Tests\AnonymizeExtensionTest" classname="Praetorian.Twig.Extension.Tests.AnonymizeExtensionTest" assertions="1" time="0.000235"/>
          <testcase name="testAnonymizeWithDataProvider with data set &quot;Special chars&quot;" file="/home/bartosz/dev/salon/twig-anonymize/tests/AnonymizeExtensionTest.php" line="212" class="Praetorian\Twig\Extension\Tests\AnonymizeExtensionTest" classname="Praetorian.Twig.Extension.Tests.AnonymizeExtensionTest" assertions="1" time="0.000238"/>
          <testcase name="testAnonymizeWithDataProvider with data set &quot;Mixed content&quot;" file="/home/bartosz/dev/salon/twig-anonymize/tests/AnonymizeExtensionTest.php" line="212" class="Praetorian\Twig\Extension\Tests\AnonymizeExtensionTest" classname="Praetorian.Twig.Extension.Tests.AnonymizeExtensionTest" assertions="1" time="0.000239"/>
          <testcase name="testAnonymizeWithDataProvider with data set &quot;Whitespace only&quot;" file="/home/bartosz/dev/salon/twig-anonymize/tests/AnonymizeExtensionTest.php" line="212" class="Praetorian\Twig\Extension\Tests\AnonymizeExtensionTest" classname="Praetorian.Twig.Extension.Tests.AnonymizeExtensionTest" assertions="1" time="0.000237"/>
          <testcase name="testAnonymizeWithDataProvider with data set &quot;With spaces&quot;" file="/home/bartosz/dev/salon/twig-anonymize/tests/AnonymizeExtensionTest.php" line="212" class="Praetorian\Twig\Extension\Tests\AnonymizeExtensionTest" classname="Praetorian.Twig.Extension.Tests.AnonymizeExtensionTest" assertions="1" time="0.000238"/>
          <testcase name="testAnonymizeWithDataProvider with data set &quot;Emoji single&quot;" file="/home/bartosz/dev/salon/twig-anonymize/tests/AnonymizeExtensionTest.php" line="212" class="Praetorian\Twig\Extension\Tests\AnonymizeExtensionTest" classname="Praetorian.Twig.Extension.Tests.AnonymizeExtensionTest" assertions="1" time="0.000234"/>
          <testcase name="testAnonymizeWithDataProvider with data set &quot;Emoji two&quot;" file="/home/bartosz/dev/salon/twig-anonymize/tests/AnonymizeExtensionTest.php" line="212" class="Praetorian\Twig\Extension\Tests\AnonymizeExtensionTest" classname="Praetorian.Twig.Extension.Tests.AnonymizeExtensionTest" assertions="1" time="0.000237"/>
          <testcase name="testAnonymizeWithDataProvider with data set &quot;Emoji three&quot;" file="/home/bartosz/dev/salon/twig-anonymize/tests/AnonymizeExtensionTest.php" line="212" class="Praetorian\Twig\Extension\Tests\AnonymizeExtensionTest" classname="Praetorian.Twig.Extension.Tests.AnonymizeExtensionTest" assertions="1" time="0.000237"/>
          <testcase name="testAnonymizeWithDataProvider with data set &quot;Emoji in text&quot;" file="/home/bartosz/dev/salon/twig-anonymize/tests/AnonymizeExtensionTest.php" line="212" class="Praetorian\Twig\Extension\Tests\AnonymizeExtensionTest" classname="Praetorian.Twig.Extension.Tests.AnonymizeExtensionTest" assertions="1" time="0.000239"/>
        </testsuite>
        <testcase name="testAnonymizeEdgeCases" file="/home/bartosz/dev/salon/twig-anonymize/tests/AnonymizeExtensionTest.php" line="273" class="Praetorian\Twig\Extension\Tests\AnonymizeExtensionTest" classname="Praetorian.Twig.Extension.Tests.AnonymizeExtensionTest" assertions="5" time="0.000210"/>
        <testcase name="testAnonymizeBehaviorByLength" file="/home/bartosz/dev/salon/twig-anonymize/tests/AnonymizeExtensionTest.php" line="293" class="Praetorian\Twig\Extension\Tests\AnonymizeExtensionTest" classname="Praetorian.Twig.Extension.Tests.AnonymizeExtensionTest" assertions="10" time="0.000235"/>
      </testsuite>
    </testsuite>
  </testsuite>
</testsuites>
